// Jest Snapshot v1, https://goo.gl/fbAQLP

exports[`Prueba en <LoginPage /> debe mostrarse correctamente 1`] = `
Array [
  " ",
  <div
    className="container"
  >
    <h1>
      Login Page
    </h1>
    <hr />
    <button
      className="btn btn-primary"
      onClick={[Function]}
    >
      Login
    </button>
  </div>,
  " ",
]
`;
